mvn : WARNING: A 
restricted method in 
java.lang.System has 
been called
At line:1 char:1
+ mvn compile > 
compile_errors.txt 
2>&1
+ ~~~~~~~~~~~~~~~~~~~
~~~~~~~~~~~~~~~~~~
    + CategoryInfo   
           : NotSpe  
  cified: (WARNING   
 : A rest...has b    
een called:Strin    
g) [], RemoteExc    
eption
    + FullyQualified 
   ErrorId : Native  
  CommandError
 
WARNING: java.lang.Sy
stem::load has been 
called by org.fusesou
rce.jansi.internal.Ja
nsiLoader in an 
unnamed module (file:
/D:/Maven/apache-mave
n-3.9.9/lib/jansi-2.4
.1.jar)
WARNING: Use --enable
-native-access=ALL-UN
NAMED to avoid a 
warning for callers 
in this module
WARNING: Restricted 
methods will be 
blocked in a future 
release unless 
native access is 
enabled

WARNING: A 
terminally 
deprecated method in 
sun.misc.Unsafe has 
been called
WARNING: sun.misc.Uns
afe::objectFieldOffse
t has been called by 
com.google.common.uti
l.concurrent.Abstract
Future$UnsafeAtomicHe
lper (file:/D:/Maven/
apache-maven-3.9.9/li
b/guava-33.2.1-jre.ja
r)
WARNING: Please 
consider reporting 
this to the 
maintainers of class 
com.google.common.uti
l.concurrent.Abstract
Future$UnsafeAtomicHe
lper
WARNING: sun.misc.Uns
afe::objectFieldOffse
t will be removed in 
a future release
[INFO] Scanning for projects...
[INFO] 
[INFO] ----------------------< com.ats:ats-application >-----------------------
[INFO] Building ats-application 0.0.1-SNAPSHOT
[INFO]   from pom.xml
[INFO] --------------------------------[ jar ]---------------------------------
[INFO] 
[INFO] --- resources:3.3.1:resources (default-resources) @ ats-application ---
[INFO] Copying 0 resource from src\main\resources to target\classes
[INFO] Copying 17 resources from src\main\resources to target\classes
[INFO] 
[INFO] --- compiler:3.11.0:compile (default-compile) @ ats-application ---
[INFO] Changes detected - recompiling the module! :source
[INFO] Compiling 13 source files with javac [debug release 17] to target\classes
[INFO] -------------------------------------------------------------
[ERROR] COMPILATION ERROR : 
[INFO] -------------------------------------------------------------
[ERROR] /C:/Users/gwth2/Desktop/ATS_Application-main/src/main/java/com/ats/service/ScoringService.java:[13,24] <identifier> expected
[ERROR] /C:/Users/gwth2/Desktop/ATS_Application-main/src/main/java/com/ats/service/ScoringService.java:[13,25] illegal start of type
[ERROR] /C:/Users/gwth2/Desktop/ATS_Application-main/src/main/java/com/ats/service/ScoringService.java:[14,24] <identifier> expected
[ERROR] /C:/Users/gwth2/Desktop/ATS_Application-main/src/main/java/com/ats/service/ScoringService.java:[14,25] illegal start of type
[ERROR] /C:/Users/gwth2/Desktop/ATS_Application-main/src/main/java/com/ats/service/ScoringService.java:[17,24] <identifier> expected
[ERROR] /C:/Users/gwth2/Desktop/ATS_Application-main/src/main/java/com/ats/service/ScoringService.java:[17,25] illegal start of type
[ERROR] /C:/Users/gwth2/Desktop/ATS_Application-main/src/main/java/com/ats/service/ScoringService.java:[21,9] class, interface, enum, or record expected
[ERROR] /C:/Users/gwth2/Desktop/ATS_Application-main/src/main/java/com/ats/service/ScoringService.java:[22,9] class, interface, enum, or record expected
[ERROR] /C:/Users/gwth2/Desktop/ATS_Application-main/src/main/java/com/ats/service/ScoringService.java:[24,9] statements not expected outside of methods and initializers
[ERROR] /C:/Users/gwth2/Desktop/ATS_Application-main/src/main/java/com/ats/service/ScoringService.java:[31,9] statements not expected outside of methods and initializers
[ERROR] /C:/Users/gwth2/Desktop/ATS_Application-main/src/main/java/com/ats/service/ScoringService.java:[32,5] class, interface, enum, or record expected
[ERROR] /C:/Users/gwth2/Desktop/ATS_Application-main/src/main/java/com/ats/service/ScoringService.java:[38,9] statements not expected outside of methods and initializers
[ERROR] /C:/Users/gwth2/Desktop/ATS_Application-main/src/main/java/com/ats/service/ScoringService.java:[39,5] class, interface, enum, or record expected
[ERROR] /C:/Users/gwth2/Desktop/ATS_Application-main/src/main/java/com/ats/service/ScoringService.java:[41,12] class, interface, enum, or record expected
[ERROR] /C:/Users/gwth2/Desktop/ATS_Application-main/src/main/java/com/ats/service/ScoringService.java:[43,9] class, interface, enum, or record expected
[ERROR] /C:/Users/gwth2/Desktop/ATS_Application-main/src/main/java/com/ats/service/ScoringService.java:[44,9] class, interface, enum, or record expected
[ERROR] /C:/Users/gwth2/Desktop/ATS_Application-main/src/main/java/com/ats/service/ScoringService.java:[48,17] class, interface, enum, or record expected
[ERROR] /C:/Users/gwth2/Desktop/ATS_Application-main/src/main/java/com/ats/service/ScoringService.java:[50,9] class, interface, enum, or record expected
[ERROR] /C:/Users/gwth2/Desktop/ATS_Application-main/src/main/java/com/ats/service/ScoringService.java:[51,9] statements not expected outside of methods and initializers
[ERROR] /C:/Users/gwth2/Desktop/ATS_Application-main/src/main/java/com/ats/service/ScoringService.java:[52,5] class, interface, enum, or record expected
[ERROR] /C:/Users/gwth2/Desktop/ATS_Application-main/src/main/java/com/ats/service/ScoringService.java:[54,12] class, interface, enum, or record expected
[ERROR] /C:/Users/gwth2/Desktop/ATS_Application-main/src/main/java/com/ats/service/ScoringService.java:[56,9] class, interface, enum, or record expected
[ERROR] /C:/Users/gwth2/Desktop/ATS_Application-main/src/main/java/com/ats/service/ScoringService.java:[57,9] statements not expected outside of methods and initializers
[ERROR] /C:/Users/gwth2/Desktop/ATS_Application-main/src/main/java/com/ats/service/ScoringService.java:[60,9] statements not expected outside of methods and initializers
[ERROR] /C:/Users/gwth2/Desktop/ATS_Application-main/src/main/java/com/ats/service/ScoringService.java:[61,5] class, interface, enum, or record expected
[INFO] 25 errors 
[INFO] -------------------------------------------------------------
[INFO] ------------------------------------------------------------------------
[INFO] BUILD FAILURE
[INFO] ------------------------------------------------------------------------
[INFO] Total time:  3.088 s
[INFO] Finished at: 2025-12-28T12:41:24+05:30
[INFO] ------------------------------------------------------------------------
[ERROR] Failed to execute goal org.apache.maven.plugins:maven-compiler-plugin:3.11.0:compile (default-compile) on project ats-application: Compilation failure: Compilation failure: 
[ERROR] /C:/Users/gwth2/Desktop/ATS_Application-main/src/main/java/com/ats/service/ScoringService.java:[13,24] <identifier> expected
[ERROR] /C:/Users/gwth2/Desktop/ATS_Application-main/src/main/java/com/ats/service/ScoringService.java:[13,25] illegal start of type
[ERROR] /C:/Users/gwth2/Desktop/ATS_Application-main/src/main/java/com/ats/service/ScoringService.java:[14,24] <identifier> expected
[ERROR] /C:/Users/gwth2/Desktop/ATS_Application-main/src/main/java/com/ats/service/ScoringService.java:[14,25] illegal start of type
[ERROR] /C:/Users/gwth2/Desktop/ATS_Application-main/src/main/java/com/ats/service/ScoringService.java:[17,24] <identifier> expected
[ERROR] /C:/Users/gwth2/Desktop/ATS_Application-main/src/main/java/com/ats/service/ScoringService.java:[17,25] illegal start of type
[ERROR] /C:/Users/gwth2/Desktop/ATS_Application-main/src/main/java/com/ats/service/ScoringService.java:[21,9] class, interface, enum, or record expected
[ERROR] /C:/Users/gwth2/Desktop/ATS_Application-main/src/main/java/com/ats/service/ScoringService.java:[22,9] class, interface, enum, or record expected
[ERROR] /C:/Users/gwth2/Desktop/ATS_Application-main/src/main/java/com/ats/service/ScoringService.java:[24,9] statements not expected outside of methods and initializers
[ERROR] /C:/Users/gwth2/Desktop/ATS_Application-main/src/main/java/com/ats/service/ScoringService.java:[31,9] statements not expected outside of methods and initializers
[ERROR] /C:/Users/gwth2/Desktop/ATS_Application-main/src/main/java/com/ats/service/ScoringService.java:[32,5] class, interface, enum, or record expected
[ERROR] /C:/Users/gwth2/Desktop/ATS_Application-main/src/main/java/com/ats/service/ScoringService.java:[38,9] statements not expected outside of methods and initializers
[ERROR] /C:/Users/gwth2/Desktop/ATS_Application-main/src/main/java/com/ats/service/ScoringService.java:[39,5] class, interface, enum, or record expected
[ERROR] /C:/Users/gwth2/Desktop/ATS_Application-main/src/main/java/com/ats/service/ScoringService.java:[41,12] class, interface, enum, or record expected
[ERROR] /C:/Users/gwth2/Desktop/ATS_Application-main/src/main/java/com/ats/service/ScoringService.java:[43,9] class, interface, enum, or record expected
[ERROR] /C:/Users/gwth2/Desktop/ATS_Application-main/src/main/java/com/ats/service/ScoringService.java:[44,9] class, interface, enum, or record expected
[ERROR] /C:/Users/gwth2/Desktop/ATS_Application-main/src/main/java/com/ats/service/ScoringService.java:[48,17] class, interface, enum, or record expected
[ERROR] /C:/Users/gwth2/Desktop/ATS_Application-main/src/main/java/com/ats/service/ScoringService.java:[50,9] class, interface, enum, or record expected
[ERROR] /C:/Users/gwth2/Desktop/ATS_Application-main/src/main/java/com/ats/service/ScoringService.java:[51,9] statements not expected outside of methods and initializers
[ERROR] /C:/Users/gwth2/Desktop/ATS_Application-main/src/main/java/com/ats/service/ScoringService.java:[52,5] class, interface, enum, or record expected
[ERROR] /C:/Users/gwth2/Desktop/ATS_Application-main/src/main/java/com/ats/service/ScoringService.java:[54,12] class, interface, enum, or record expected
[ERROR] /C:/Users/gwth2/Desktop/ATS_Application-main/src/main/java/com/ats/service/ScoringService.java:[56,9] class, interface, enum, or record expected
[ERROR] /C:/Users/gwth2/Desktop/ATS_Application-main/src/main/java/com/ats/service/ScoringService.java:[57,9] statements not expected outside of methods and initializers
[ERROR] /C:/Users/gwth2/Desktop/ATS_Application-main/src/main/java/com/ats/service/ScoringService.java:[60,9] statements not expected outside of methods and initializers
[ERROR] /C:/Users/gwth2/Desktop/ATS_Application-main/src/main/java/com/ats/service/ScoringService.java:[61,5] class, interface, enum, or record expected
[ERROR] -> [Help 1]
[ERROR] 
[ERROR] To see the full stack trace of the errors, re-run Maven with the -e switch.
[ERROR] Re-run Maven using the -X switch to enable full debug logging.
[ERROR] 
[ERROR] For more information about the errors and possible solutions, please read the following articles:
[ERROR] [Help 1] http://cwiki.apache.org/confluence/display/MAVEN/MojoFailureException
